
=== focus_3um / reduced bins / nearest (98s to reference) ===
  floor: yield 3.8e-04 | marg worst 2.2e-02 mean 7.0e-03 | spectrum 3.9e-03
        variant       N      yield  marg_worst  marg_mean   spectrum   centroid w_spread   N_eff
------------------------------------------------------------------------------------------------
            iid   20000   7.10e-03    8.85e-02   2.98e-02   2.00e-02   1.10e-04     1.00   20000
            iid   40000   3.96e-03    6.22e-02   2.08e-02   1.40e-02   7.39e-05     1.00   40000
       strat-s1   20000   6.86e-04    9.53e-02   2.37e-02   1.73e-02   2.72e-05     1.01   20000
       strat-s1   40000   5.28e-04    6.60e-02   1.73e-02   1.42e-02   2.87e-05     1.01   40000
    strat-s1.41   20000   8.10e-04    1.26e-01   3.21e-02   2.38e-02   3.31e-05     3.81   16462
    strat-s1.41   40000   3.25e-04    9.03e-02   2.22e-02   1.80e-02   1.12e-05     3.79   32925
  s1.41-lam0.75   20000   4.18e-04    8.38e-02   2.14e-02   2.30e-02   9.70e-06     2.72   17852
  s1.41-lam0.75   40000   7.84e-04    5.93e-02   1.54e-02   1.31e-02   5.51e-05     2.72   35609
     s1-lam0.75   20000   4.84e-04    7.72e-02   2.28e-02   1.86e-02   2.79e-05     3.71   16875
     s1-lam0.75   40000   4.35e-04    5.41e-02   1.49e-02   1.46e-02   8.05e-06     3.74   33678
        s1-lam1   20000   4.82e-04    7.41e-02   2.19e-02   1.69e-02   4.04e-06     5.91   14838
        s1-lam1   40000   7.11e-04    5.28e-02   1.43e-02   1.18e-02   4.47e-05     5.97   29552
           full   20000   8.47e-04    7.94e-02   2.09e-02   2.16e-02   4.20e-05     2.86   18044
           full   40000   7.37e-04    5.79e-02   1.50e-02   1.25e-02   3.38e-05     2.85   36058

=== wide_bunch / reduced bins / nearest (47s to reference) ===
  floor: yield 4.7e-02 | marg worst 2.5e-01 mean 1.1e-01 | spectrum 1.2e-01
        variant       N      yield  marg_worst  marg_mean   spectrum   centroid w_spread   N_eff
------------------------------------------------------------------------------------------------
            iid   20000   2.03e-01    6.56e-01   3.34e-01   3.84e-01   3.62e-02     1.00    3492
            iid   40000   1.57e-01    6.85e-01   3.87e-01   4.39e-01   3.70e-02     1.00    6932
       strat-s1   20000   2.43e-02    7.28e-01   3.88e-01   4.07e-01   7.42e-03     1.01    3458
       strat-s1   40000   9.33e-02    6.38e-01   3.12e-01   3.28e-01   2.32e-02     1.01    6883
    strat-s1.41   20000   5.18e-02    7.75e-01   4.38e-01   4.54e-01   1.54e-02     2.86    2006
    strat-s1.41   40000   1.15e-01    6.64e-01   3.48e-01   3.49e-01   2.90e-02     2.86    4008
  s1.41-lam0.75   20000   2.37e-01    1.12e+00   6.58e-01   7.62e-01   1.93e-02   171.62     798
  s1.41-lam0.75   40000   1.03e-01    8.10e-01   4.50e-01   4.55e-01   1.18e-03   178.22    1540
     s1-lam0.75   20000   3.76e-02    8.18e-01   4.58e-01   4.27e-01   1.45e-03   186.10    1545
     s1-lam0.75   40000   3.83e-02    6.75e-01   3.12e-01   3.04e-01   1.30e-02   192.08    3005
        s1-lam1   20000   5.72e-01    1.18e+00   8.19e-01   1.02e+00   2.10e-02  4936.50     138
        s1-lam1   40000   5.47e-01    1.11e+00   7.45e-01   9.32e-01   2.55e-02  9936.50     157
           full   20000   2.24e-01    1.04e+00   6.83e-01   8.83e-01   1.49e-02 20785.21     927
           full   40000   8.74e-02    8.91e-01   5.29e-01   6.58e-01   7.89e-03 22737.10    1824

=== x_offset / reduced bins / nearest (91s to reference) ===
  floor: yield 1.0e-03 | marg worst 2.1e-02 mean 6.8e-03 | spectrum 3.3e-03
        variant       N      yield  marg_worst  marg_mean   spectrum   centroid w_spread   N_eff
------------------------------------------------------------------------------------------------
            iid   20000   3.23e-04    9.05e-02   2.94e-02   1.42e-02   6.97e-05     1.00   20000
            iid   40000   4.29e-04    6.30e-02   1.95e-02   1.22e-02   2.60e-05     1.00   40000
       strat-s1   20000   1.22e-03    8.53e-02   2.15e-02   1.19e-02   7.06e-06     1.01   20000
       strat-s1   40000   1.08e-03    5.91e-02   1.44e-02   8.65e-03   1.81e-05     1.01   40000
    strat-s1.41   20000   8.62e-04    7.98e-02   2.12e-02   1.19e-02   3.46e-06     3.81   16462
    strat-s1.41   40000   9.70e-04    5.51e-02   1.45e-02   7.53e-03   2.17e-05     3.79   32925
  s1.41-lam0.75   20000   9.97e-04    6.13e-02   1.67e-02   1.28e-02   2.24e-05     4.32   16604
  s1.41-lam0.75   40000   6.71e-04    4.48e-02   1.22e-02   8.83e-03   1.48e-05     4.34   33147
     s1-lam0.75   20000   1.19e-03    6.80e-02   1.78e-02   1.31e-02   2.65e-05     4.21   16597
     s1-lam0.75   40000   7.59e-04    5.11e-02   1.25e-02   8.15e-03   2.26e-05     4.25   33116
        s1-lam1   20000   7.58e-04    6.51e-02   1.76e-02   1.64e-02   5.07e-05     7.18   14132
        s1-lam1   40000   8.12e-04    4.93e-02   1.25e-02   7.98e-03   1.79e-05     7.28   28125
           full   20000   3.57e-04    6.55e-02   1.78e-02   9.98e-03   3.57e-05     4.17   16713
           full   40000   8.91e-04    4.71e-02   1.20e-02   7.18e-03   3.78e-05     4.11   33468

=== t_offset / reduced bins / nearest (90s to reference) ===
  floor: yield 1.4e-04 | marg worst 1.7e-02 mean 5.7e-03 | spectrum 3.1e-03
        variant       N      yield  marg_worst  marg_mean   spectrum   centroid w_spread   N_eff
------------------------------------------------------------------------------------------------
            iid   20000   3.48e-03    8.27e-02   2.55e-02   1.17e-02   6.87e-05     1.00   20000
            iid   40000   1.76e-03    5.58e-02   1.77e-02   9.39e-03   4.21e-05     1.00   40000
       strat-s1   20000   4.05e-04    7.20e-02   1.93e-02   1.14e-02   1.92e-05     1.01   20000
       strat-s1   40000   3.91e-04    5.54e-02   1.34e-02   7.27e-03   1.02e-05     1.01   40000
    strat-s1.41   20000   4.22e-04    8.66e-02   2.28e-02   1.26e-02   7.96e-08     3.81   16462
    strat-s1.41   40000   3.87e-04    6.22e-02   1.50e-02   7.59e-03   8.40e-07     3.79   32925
  s1.41-lam0.75   20000   1.77e-04    7.44e-02   2.01e-02   1.16e-02   2.50e-05     1.37   19800
  s1.41-lam0.75   40000   3.68e-04    5.13e-02   1.33e-02   8.37e-03   5.76e-06     1.39   39582
     s1-lam0.75   20000   2.11e-04    7.37e-02   1.95e-02   1.24e-02   2.58e-05     1.79   19389
     s1-lam0.75   40000   2.99e-04    5.43e-02   1.32e-02   7.20e-03   2.87e-05     1.81   38761
        s1-lam1   20000   2.11e-04    7.57e-02   2.01e-02   1.14e-02   2.93e-05     2.21   18911
        s1-lam1   40000   1.82e-04    5.44e-02   1.33e-02   7.85e-03   3.27e-05     2.22   37798
           full   20000   2.36e-04    7.66e-02   1.96e-02   1.32e-02   6.14e-05     1.41   19796
           full   40000   2.04e-04    5.44e-02   1.33e-02   6.71e-03   2.45e-06     1.41   39578

=== crossing / reduced bins / nearest (91s to reference) ===
  floor: yield 5.1e-04 | marg worst 1.7e-02 mean 6.0e-03 | spectrum 3.2e-03
        variant       N      yield  marg_worst  marg_mean   spectrum   centroid w_spread   N_eff
------------------------------------------------------------------------------------------------
            iid   20000   3.30e-03    7.28e-02   2.39e-02   1.14e-02   7.60e-05     1.00   20000
            iid   40000   1.99e-03    4.94e-02   1.66e-02   9.03e-03   3.82e-05     1.00   40000
       strat-s1   20000   3.79e-04    7.07e-02   1.91e-02   1.10e-02   1.92e-05     1.01   20000
       strat-s1   40000   4.08e-04    4.71e-02   1.21e-02   7.13e-03   1.11e-05     1.01   40000
    strat-s1.41   20000   4.10e-04    8.06e-02   2.17e-02   1.20e-02   1.75e-06     3.81   16462
    strat-s1.41   40000   4.54e-04    5.50e-02   1.40e-02   7.39e-03   1.37e-06     3.79   32925
  s1.41-lam0.75   20000   1.24e-04    7.39e-02   1.94e-02   1.09e-02   1.11e-06     1.47   19749
  s1.41-lam0.75   40000   4.33e-04    5.14e-02   1.30e-02   9.12e-03   1.63e-05     1.49   39482
     s1-lam0.75   20000   6.82e-05    7.05e-02   1.93e-02   1.08e-02   3.04e-05     1.77   19430
     s1-lam0.75   40000   3.60e-04    4.85e-02   1.27e-02   8.00e-03   2.79e-05     1.78   38849
        s1-lam1   20000   1.81e-05    6.97e-02   1.92e-02   1.13e-02   2.08e-05     2.19   18985
        s1-lam1   40000   3.01e-04    4.80e-02   1.27e-02   8.26e-03   3.11e-05     2.20   37953
           full   20000   6.35e-04    7.73e-02   1.79e-02   1.07e-02   9.16e-06     1.47   19749
           full   40000   5.01e-04    5.32e-02   1.28e-02   6.51e-03   8.00e-06     1.49   39480

=== astigmatic / reduced bins / nearest (91s to reference) ===
  floor: yield 6.6e-05 | marg worst 1.7e-02 mean 5.8e-03 | spectrum 3.0e-03
        variant       N      yield  marg_worst  marg_mean   spectrum   centroid w_spread   N_eff
------------------------------------------------------------------------------------------------
            iid   20000   1.39e-03    7.86e-02   2.43e-02   1.19e-02   7.00e-05     1.00   20000
            iid   40000   5.35e-04    5.56e-02   1.76e-02   9.87e-03   4.76e-05     1.00   40000
       strat-s1   20000   3.58e-04    8.09e-02   1.89e-02   1.16e-02   7.54e-06     1.01   20000
       strat-s1   40000   3.05e-04    5.67e-02   1.31e-02   7.26e-03   5.35e-06     1.01   40000
    strat-s1.41   20000   4.07e-04    9.52e-02   2.26e-02   1.28e-02   8.55e-06     3.81   16462
    strat-s1.41   40000   2.89e-04    6.38e-02   1.53e-02   7.62e-03   6.33e-06     3.79   32925
  s1.41-lam0.75   20000   7.97e-06    7.83e-02   2.04e-02   1.02e-02   1.11e-05     1.39   19815
  s1.41-lam0.75   40000   2.70e-04    5.12e-02   1.34e-02   7.76e-03   2.13e-06     1.40   39620
     s1-lam0.75   20000   2.05e-04    7.97e-02   1.96e-02   1.28e-02   5.40e-06     1.68   19435
     s1-lam0.75   40000   1.86e-04    5.54e-02   1.33e-02   7.60e-03   8.69e-06     1.68   38852
        s1-lam1   20000   1.15e-05    7.91e-02   1.99e-02   1.20e-02   5.76e-06     2.02   18992
        s1-lam1   40000   1.67e-04    5.57e-02   1.31e-02   6.84e-03   1.53e-05     2.02   37956
           full   20000   4.19e-04    8.11e-02   1.84e-02   1.05e-02   2.35e-05     1.42   19856
           full   40000   2.95e-04    5.35e-02   1.33e-02   5.98e-03   4.56e-06     1.41   39718

=== twiss_corr / reduced bins / nearest (90s to reference) ===
  floor: yield 1.4e-04 | marg worst 1.8e-02 mean 5.3e-03 | spectrum 3.2e-03
        variant       N      yield  marg_worst  marg_mean   spectrum   centroid w_spread   N_eff
------------------------------------------------------------------------------------------------
            iid   20000   3.48e-03    7.51e-02   2.46e-02   1.31e-02   1.16e-04     1.00   20000
            iid   40000   1.74e-03    5.30e-02   1.64e-02   9.40e-03   4.08e-05     1.00   40000
       strat-s1   20000   4.04e-04    7.61e-02   2.29e-02   1.21e-02   2.96e-05     1.01   20000
       strat-s1   40000   3.92e-04    5.78e-02   1.58e-02   8.05e-03   1.42e-05     1.01   40000
    strat-s1.41   20000   4.21e-04    8.40e-02   2.55e-02   1.48e-02   2.19e-05     3.81   16462
    strat-s1.41   40000   3.87e-04    6.39e-02   1.81e-02   1.03e-02   1.23e-05     3.79   32925
  s1.41-lam0.75   20000   1.53e-04    7.46e-02   2.19e-02   1.23e-02   1.57e-05     1.38   19800
  s1.41-lam0.75   40000   3.62e-04    5.34e-02   1.50e-02   7.97e-03   9.00e-06     1.39   39581
     s1-lam0.75   20000   2.32e-04    7.21e-02   2.18e-02   1.21e-02   4.09e-05     1.79   19388
     s1-lam0.75   40000   3.13e-04    5.67e-02   1.53e-02   8.06e-03   2.46e-05     1.81   38764
        s1-lam1   20000   1.47e-04    7.30e-02   2.14e-02   1.21e-02   3.88e-05     2.21   18911
        s1-lam1   40000   1.46e-04    5.69e-02   1.55e-02   7.97e-03   2.96e-05     2.24   37798
           full   20000   4.54e-04    7.93e-02   2.03e-02   1.38e-02   6.55e-05     1.39   19794
           full   40000   2.81e-04    5.60e-02   1.49e-02   8.34e-03   1.98e-05     1.39   39577

=== displaced_foci / reduced bins / nearest (103s to reference) ===
  floor: yield 7.8e-04 | marg worst 1.9e-02 mean 6.1e-03 | spectrum 3.4e-03
        variant       N      yield  marg_worst  marg_mean   spectrum   centroid w_spread   N_eff
------------------------------------------------------------------------------------------------
            iid   20000   4.80e-03    8.21e-02   2.57e-02   1.25e-02   8.61e-05     1.00   20000
            iid   40000   2.20e-03    5.87e-02   1.92e-02   9.15e-03   4.53e-05     1.00   40000
       strat-s1   20000   4.08e-04    8.04e-02   2.14e-02   1.21e-02   1.11e-05     1.01   20000
       strat-s1   40000   4.47e-04    5.78e-02   1.45e-02   7.65e-03   9.87e-06     1.01   40000
    strat-s1.41   20000   5.60e-04    9.70e-02   2.44e-02   1.30e-02   5.29e-06     3.81   16462
    strat-s1.41   40000   5.12e-04    6.49e-02   1.61e-02   7.62e-03   1.20e-06     3.79   32925
  s1.41-lam0.75   20000   1.04e-04    7.65e-02   2.03e-02   1.14e-02   1.04e-05     1.65   19666
  s1.41-lam0.75   40000   2.59e-04    5.53e-02   1.31e-02   7.30e-03   7.62e-06     1.67   39315
     s1-lam0.75   20000   1.68e-04    8.04e-02   2.19e-02   1.21e-02   1.23e-05     2.15   19284
     s1-lam0.75   40000   3.11e-04    5.68e-02   1.43e-02   8.05e-03   2.37e-05     2.14   38551
        s1-lam1   20000   8.19e-06    7.99e-02   2.21e-02   1.32e-02   1.74e-05     2.82   18727
        s1-lam1   40000   2.75e-04    5.67e-02   1.46e-02   8.06e-03   2.62e-05     2.83   37422
           full   20000   3.02e-04    8.16e-02   2.01e-02   1.23e-02   1.69e-05     1.78   19654
           full   40000   5.04e-04    6.02e-02   1.34e-02   7.37e-03   5.56e-06     1.79   39299

wrote exp3_scenarios.json
