
=== baseline / reduced bins / nearest (88s to reference) ===
  floor: yield 1.3e-04 | marg worst 1.7e-02 mean 5.7e-03 | spectrum 3.1e-03
        variant       N      yield  marg_worst  marg_mean   spectrum   centroid w_spread   N_eff
------------------------------------------------------------------------------------------------
            iid   20000   3.47e-03    8.41e-02   2.60e-02   1.17e-02   6.85e-05     1.00   20000
            iid   40000   1.76e-03    5.59e-02   1.79e-02   9.39e-03   4.21e-05     1.00   40000
       strat-s1   20000   4.04e-04    7.36e-02   1.93e-02   1.14e-02   1.93e-05     1.01   20000
       strat-s1   40000   3.91e-04    5.64e-02   1.33e-02   7.26e-03   1.02e-05     1.01   40000
    strat-s1.41   20000   4.21e-04    8.70e-02   2.28e-02   1.26e-02   1.52e-07     3.81   16462
    strat-s1.41   40000   3.86e-04    6.23e-02   1.50e-02   7.59e-03   8.19e-07     3.79   32925
  s1.41-lam0.75   20000   1.95e-04    7.44e-02   1.99e-02   1.18e-02   2.68e-05     1.37   19800
  s1.41-lam0.75   40000   3.47e-04    5.19e-02   1.32e-02   8.29e-03   6.35e-06     1.39   39580
     s1-lam0.75   20000   2.87e-04    7.37e-02   1.90e-02   1.24e-02   2.24e-05     1.79   19389
     s1-lam0.75   40000   3.22e-04    5.57e-02   1.32e-02   7.16e-03   2.84e-05     1.81   38762
        s1-lam1   20000   1.78e-04    7.50e-02   1.94e-02   1.15e-02   2.57e-05     2.21   18914
        s1-lam1   40000   1.73e-04    5.51e-02   1.31e-02   7.85e-03   3.31e-05     2.22   37797
           full   20000   9.20e-05    7.38e-02   1.92e-02   1.03e-02   4.08e-05     1.40   19797
           full   40000   7.35e-05    5.47e-02   1.38e-02   5.56e-03   1.53e-05     1.39   39580
/tmp/opencode/adaptive-rescue/exp/harness.py:342: RuntimeWarning: overflow encountered in square
  H_var_a = (acc["m_la2"] - acc["first"] * shape_mean**2) / safe / volume
/tmp/opencode/adaptive-rescue/exp/harness.py:343: RuntimeWarning: overflow encountered in square
  H_var_c = (acc["m_lc2"] - acc["first"] * chirp_mean**2) / safe / volume
/tmp/opencode/adaptive-rescue/exp/harness.py:344: RuntimeWarning: overflow encountered in multiply
  H_cov = (acc["m_lac"] - acc["first"] * shape_mean * chirp_mean) / safe / volume
/home/alexander/Work/Code/GammaForge-adaptive-sampling/src/gammaforge/engines/xigma/stages.py:2130: RuntimeWarning: invalid value encountered in subtract
  Q**2 * H_var_a / B**2
/home/alexander/Work/Code/GammaForge-adaptive-sampling/src/gammaforge/engines/xigma/stages.py:2134: RuntimeWarning: invalid value encountered in subtract
  H_var_chirp / c_c**2

=== baseline / reduced bins / cic (89s to reference) ===
  floor: yield 1.3e-04 | marg worst 1.2e-02 mean 4.3e-03 | spectrum 2.8e-03
        variant       N      yield  marg_worst  marg_mean   spectrum   centroid w_spread   N_eff
------------------------------------------------------------------------------------------------
            iid   20000   3.47e-03    5.35e-02   1.81e-02   9.61e-03   6.34e-05     1.00   20000
            iid   40000   1.76e-03    3.59e-02   1.25e-02   7.39e-03   2.32e-05     1.00   40000
       strat-s1   20000   4.04e-04    4.85e-02   1.26e-02   7.38e-03   1.60e-05     1.01   20000
       strat-s1   40000   3.91e-04    3.41e-02   8.28e-03   4.34e-03   3.96e-06     1.01   40000
    strat-s1.41   20000   4.21e-04    5.50e-02   1.40e-02   7.69e-03   1.89e-06     3.81   16462
    strat-s1.41   40000   3.86e-04    4.05e-02   9.38e-03   4.63e-03   7.60e-06     3.79   32925
  s1.41-lam0.75   20000   1.95e-04    5.05e-02   1.25e-02   7.65e-03   3.48e-05     1.37   19800
  s1.41-lam0.75   40000   3.47e-04    3.46e-02   8.17e-03   5.25e-03   4.11e-06     1.39   39580
     s1-lam0.75   20000   2.87e-04    4.81e-02   1.26e-02   8.02e-03   1.77e-05     1.79   19389
     s1-lam0.75   40000   3.22e-04    3.34e-02   8.21e-03   4.65e-03   2.43e-05     1.81   38762
        s1-lam1   20000   1.78e-04    4.96e-02   1.26e-02   7.32e-03   1.38e-05     2.21   18914
        s1-lam1   40000   1.73e-04    3.44e-02   8.58e-03   5.02e-03   2.67e-05     2.22   37797
           full   20000   9.20e-05    5.12e-02   1.21e-02   7.44e-03   2.21e-05     1.40   19797
           full   40000   7.35e-05    3.70e-02   8.80e-03   4.55e-03   1.86e-06     1.39   39580

=== baseline / production bins / nearest (129s to reference) ===
  floor: yield 1.3e-04 | marg worst 4.4e-02 mean 1.3e-02 | spectrum 4.7e-03
        variant       N      yield  marg_worst  marg_mean   spectrum   centroid w_spread   N_eff
------------------------------------------------------------------------------------------------
            iid   20000   3.47e-03    1.93e-01   5.54e-02   2.19e-02   5.08e-05     1.00   20000
            iid   40000   1.76e-03    1.35e-01   3.78e-02   1.66e-02   3.89e-05     1.00   40000
       strat-s1   20000   4.04e-04    1.96e-01   5.15e-02   2.15e-02   2.62e-05     1.01   20000
       strat-s1   40000   3.91e-04    1.42e-01   3.52e-02   1.54e-02   1.22e-05     1.01   40000
    strat-s1.41   20000   4.21e-04    2.26e-01   5.84e-02   2.25e-02   5.21e-06     3.81   16462
    strat-s1.41   40000   3.86e-04    1.64e-01   4.03e-02   1.66e-02   2.34e-06     3.79   32925
  s1.41-lam0.75   20000   1.95e-04    1.96e-01   5.05e-02   2.08e-02   1.77e-05     1.37   19800
  s1.41-lam0.75   40000   3.47e-04    1.37e-01   3.48e-02   1.55e-02   6.48e-06     1.39   39580
     s1-lam0.75   20000   2.87e-04    1.92e-01   5.05e-02   2.19e-02   2.92e-05     1.79   19389
     s1-lam0.75   40000   3.22e-04    1.38e-01   3.46e-02   1.47e-02   3.07e-05     1.81   38762
        s1-lam1   20000   1.78e-04    1.94e-01   5.12e-02   2.18e-02   2.78e-05     2.21   18914
        s1-lam1   40000   1.73e-04    1.39e-01   3.48e-02   1.55e-02   3.43e-05     2.22   37797
           full   20000   9.20e-05    1.94e-01   5.18e-02   1.79e-02   2.71e-05     1.40   19797
           full   40000   7.35e-05    1.43e-01   3.66e-02   1.25e-02   6.75e-07     1.39   39580

=== tight_focus / reduced bins / nearest (120s to reference) ===
  floor: yield 5.6e-04 | marg worst 2.3e-02 mean 8.1e-03 | spectrum 8.6e-03
        variant       N      yield  marg_worst  marg_mean   spectrum   centroid w_spread   N_eff
------------------------------------------------------------------------------------------------
            iid   20000   8.28e-03    1.09e-01   3.62e-02   4.33e-02   4.85e-04     1.00   20000
            iid   40000   4.31e-03    7.28e-02   2.58e-02   2.98e-02   1.28e-04     1.00   40000
       strat-s1   20000   2.50e-04    1.09e-01   2.99e-02   3.79e-02   1.11e-04     1.01   20000
       strat-s1   40000   1.55e-03    7.79e-02   2.21e-02   2.67e-02   7.56e-04     1.01   40000
    strat-s1.41   20000   5.28e-04    1.29e-01   3.80e-02   5.23e-02   3.00e-04     3.81   16462
    strat-s1.41   40000   3.12e-03    9.78e-02   2.85e-02   4.18e-02   1.07e-03     3.79   32925
  s1.41-lam0.75   20000   4.21e-05    9.69e-02   2.85e-02   3.98e-02   1.14e-04     7.87   16621
  s1.41-lam0.75   40000   4.41e-04    7.07e-02   1.93e-02   2.84e-02   1.94e-04     7.95   33140
     s1-lam0.75   20000   1.99e-03    8.30e-02   2.59e-02   3.11e-02   3.07e-04    10.13   15663
     s1-lam0.75   40000   1.08e-04    6.41e-02   1.85e-02   2.23e-02   4.25e-04    10.31   31241
        s1-lam1   20000   9.21e-04    8.12e-02   2.49e-02   2.96e-02   2.08e-04    18.69   13148
        s1-lam1   40000   4.02e-04    6.15e-02   1.75e-02   2.25e-02   1.89e-04    19.31   26161
           full   20000   1.94e-03    9.51e-02   2.81e-02   3.74e-02   2.97e-04     6.43   18175
           full   40000   3.38e-03    6.80e-02   1.98e-02   2.60e-02   8.40e-04     6.39   36339

=== tight_focus / reduced bins / cic (123s to reference) ===
  floor: yield 5.6e-04 | marg worst 1.7e-02 mean 6.1e-03 | spectrum 7.2e-03
        variant       N      yield  marg_worst  marg_mean   spectrum   centroid w_spread   N_eff
------------------------------------------------------------------------------------------------
            iid   20000   8.28e-03    7.22e-02   2.45e-02   2.96e-02   5.35e-04     1.00   20000
            iid   40000   4.31e-03    4.92e-02   1.81e-02   2.08e-02   1.54e-04     1.00   40000
       strat-s1   20000   2.50e-04    7.00e-02   2.10e-02   2.54e-02   9.89e-06     1.01   20000
       strat-s1   40000   1.55e-03    4.84e-02   1.48e-02   1.80e-02   6.44e-04     1.01   40000
    strat-s1.41   20000   5.28e-04    8.63e-02   2.58e-02   3.23e-02   1.07e-04     3.81   16462
    strat-s1.41   40000   3.12e-03    6.21e-02   1.97e-02   2.51e-02   9.58e-04     3.79   32925
  s1.41-lam0.75   20000   4.21e-05    6.28e-02   1.88e-02   2.15e-02   4.58e-05     7.87   16621
  s1.41-lam0.75   40000   4.41e-04    4.42e-02   1.32e-02   1.54e-02   1.25e-04     7.95   33140
     s1-lam0.75   20000   1.99e-03    5.46e-02   1.65e-02   2.13e-02   4.09e-04    10.13   15663
     s1-lam0.75   40000   1.08e-04    3.94e-02   1.24e-02   1.34e-02   3.42e-04    10.31   31241
        s1-lam1   20000   9.21e-04    5.09e-02   1.55e-02   2.04e-02   2.91e-04    18.69   13148
        s1-lam1   40000   4.02e-04    3.73e-02   1.14e-02   1.44e-02   1.11e-04    19.31   26161
           full   20000   1.94e-03    6.46e-02   1.91e-02   2.33e-02   3.35e-04     6.43   18175
           full   40000   3.38e-03    4.65e-02   1.36e-02   1.89e-02   8.76e-04     6.39   36339
